ff3de00b
00000000
0000a00a
0000e00b

#assumming we display v0 at end of every instruction
